Microchip MPLAB XC8 Compiler V1.11 ()

Linker command line:

--edf=C:\Program Files (x86)\Microchip\xc8\v1.11\dat\en_msgs.txt -cs \
  -h+dist/default/production\UART.X.production.sym -z -Q16F887 -ol.obj \
  -Mdist/default/production/UART.X.production.map -E1 -ver=XC8 \
  -ACONST=00h-0FFhx32 -ACODE=00h-07FFhx4 -ASTRCODE=00h-01FFFh \
  -AENTRY=00h-0FFhx32 -ASTRING=00h-0FFhx32 -ACOMMON=070h-07Fh \
  -ABANK0=020h-06Fh -ABANK1=0A0h-0EFh -ABANK2=0110h-016Fh \
  -ABANK3=0190h-01EFh -ARAM=020h-06Fh,0A0h-0EFh,0110h-016Fh,0190h-01EFh \
  -AABS1=020h-07Fh,0A0h-0EFh,0110h-016Fh,0190h-01EFh -ASFR0=00h-01Fh \
  -ASFR1=080h-09Fh -ASFR2=0100h-010Fh -ASFR3=0180h-018Fh \
  -preset_vec=00h,intentry=04h,init,end_init -ppowerup=CODE -pfunctab=CODE \
  -ACONFIG=02007h-02008h -pconfig=CONFIG -DCONFIG=2 -AIDLOC=02000h-02003h \
  -pidloc=IDLOC -DIDLOC=2 -AEEDATA=00h-0FFh/02100h -peeprom_data=EEDATA \
  -DEEDATA=2 -DCODE=2 -DSTRCODE=2 -DSTRING=2 -DCONST=2 -DENTRY=2 -k \
  C:\Users\yonghui\AppData\Local\Temp\s1mk.obj \
  dist/default/production\UART.X.production.obj 

Object code version is 3.10

Machine type is 16F887



                Name                               Link     Load   Length Selector   Space Scale
C:\Users\yonghui\AppData\Local\Temp\s1mk.obj
                end_init                             12       12        3        8       0
                reset_vec                             0        0        3        0       0
                config                             2007     2007        1     400E       0
dist/default/production\UART.X.production.obj
                intentry                              4        4        E        8       0
                eeprom_data                           0     2100        8     4200       2
                text1312                            F1A      F1A        5     1E34       0
                text1311                            7D8      7D8       17      946       0
                text1310                            F1F      F1F        5     1E3E       0
                text1309                            712      712       1F      946       0
                text1308                            6F3      6F3       1F      946       0
                text1307                            31B      31B       9B        8       0
                text1306                            582      582       5E      946       0
                text1305                            FD7      FD7       14     1FAE       0
                text1304                            74F      74F       1E      946       0
                text1303                            F24      F24        8     1E48       0
                text1302                            F3D      F3D        C     1E7A       0
                text1301                            F49      F49        C     1E92       0
                text1300                            26D      26D       AE        8       0
                text1299                            F62      F62        E     1EC4       0
                text1298                            F55      F55        D     1EAA       0
                text1297                            5E0      5E0       47      946       0
                text1296                            F34      F34        9     1E68       0
                text1295                            7EF      7EF       11      946       0
                text1294                             15       15      19E        8       0
                text1293                            F70      F70        E     1EE0       0
                text1292                            627      627       35      946       0
                text1291                            65C      65C       2F      946       0
                text1290                            F9E      F9E       13     1F3C       0
                text1289                            FB1      FB1       13     1F62       0
                text1288                            3B6      3B6       77        8       0
                text1287                            F7E      F7E        E     1EFC       0
                text1286                            731      731       1E      946       0
                text1285                            68B      68B       27      946       0
                text1284                            1B3      1B3       BA        8       0
                text1283                            FC4      FC4       13     1F88       0
                text1282                            F8C      F8C       12     1F18       0
                text1281                            7A6      7A6       1A      946       0
                text1280                            6B2      6B2       22      946       0
                text1279                            6D4      6D4       1F      946       0
                text1278                            7C0      7C0       18      946       0
                text1277                            FEB      FEB       15     1FD6       0
                text1276                            515      515       6D      946       0
                text1275                            76D      76D       1D      946       0
                maintext                            4A3      4A3       72      946       0
                cstackBANK0                          20       20       14       20       1
                cstackCOMMON                         70       70        6       70       1
                clrtext                             F2C      F2C        8     1E58       0
                dataBANK0                            45       45        1       20       1
                bssBANK0                             34       34       11       20       1
                dataCOMMON                           79       79        1       70       1
                bssCOMMON                            76       76        3       70       1
                cinit                               78A      78A       1C      946       0
                strings                             42D      42D       76      85A       0
                idataBANK0                          F19      F19        1     1E32       0
                idataCOMMON                           3        3        1        0       0

TOTAL           Name                               Link     Load   Length     Space
        CLASS   CONST          

        CLASS   CODE           
                end_init                             12       12        3         0
                intentry                              4        4        E         0
                reset_vec                             0        0        3         0
                text1312                            F1A      F1A        5         0
                text1311                            7D8      7D8       17         0
                text1310                            F1F      F1F        5         0
                text1309                            712      712       1F         0
                text1308                            6F3      6F3       1F         0
                text1307                            31B      31B       9B         0
                text1306                            582      582       5E         0
                text1305                            FD7      FD7       14         0
                text1304                            74F      74F       1E         0
                text1303                            F24      F24        8         0
                text1302                            F3D      F3D        C         0
                text1301                            F49      F49        C         0
                text1300                            26D      26D       AE         0
                text1299                            F62      F62        E         0
                text1298                            F55      F55        D         0
                text1297                            5E0      5E0       47         0
                text1296                            F34      F34        9         0
                text1295                            7EF      7EF       11         0
                text1294                             15       15      19E         0
                text1293                            F70      F70        E         0
                text1292                            627      627       35         0
                text1291                            65C      65C       2F         0
                text1290                            F9E      F9E       13         0
                text1289                            FB1      FB1       13         0
                text1288                            3B6      3B6       77         0
                text1287                            F7E      F7E        E         0
                text1286                            731      731       1E         0
                text1285                            68B      68B       27         0
                text1284                            1B3      1B3       BA         0
                text1283                            FC4      FC4       13         0
                text1282                            F8C      F8C       12         0
                text1281                            7A6      7A6       1A         0
                text1280                            6B2      6B2       22         0
                text1279                            6D4      6D4       1F         0
                text1278                            7C0      7C0       18         0
                text1277                            FEB      FEB       15         0
                text1276                            515      515       6D         0
                text1275                            76D      76D       1D         0
                maintext                            4A3      4A3       72         0
                clrtext                             F2C      F2C        8         0
                cinit                               78A      78A       1C         0
                idataBANK0                          F19      F19        1         0
                idataCOMMON                           3        3        1         0

        CLASS   STRCODE        

        CLASS   ENTRY          

        CLASS   STRING         
                strings                             42D      42D       76         0

        CLASS   COMMON         
                cstackCOMMON                         70       70        6         1
                dataCOMMON                           79       79        1         1
                bssCOMMON                            76       76        3         1

        CLASS   BANK0          
                cstackBANK0                          20       20       14         1
                dataBANK0                            45       45        1         1
                bssBANK0                             34       34       11         1

        CLASS   BANK1          

        CLASS   BANK2          

        CLASS   BANK3          

        CLASS   RAM            

        CLASS   ABS1           
                abs_s1                               7E       7E        2         1

        CLASS   SFR0           

        CLASS   SFR1           

        CLASS   SFR2           

        CLASS   SFR3           

        CLASS   CONFIG         
                config                             2007     2007        1         0

        CLASS   IDLOC          

        CLASS   EEDATA         
                eeprom_data                           0     2100        8         2



SEGMENTS        Name                           Load    Length   Top    Selector   Space  Class     Delta

                reset_vec                      000000  000004  000004         0       0  CODE        2
                intentry                       000004  000429  00042D         8       0  CODE        2
                cstackBANK0                    000020  000026  000046        20       1  BANK0       1
                cstackCOMMON                   000070  00000A  00007A        70       1  COMMON      1
                strings                        00042D  000076  0004A3       85A       0  STRING      2
                maintext                       0004A3  00035D  000800       946       0  CODE        2
                idataBANK0                     000F19  000001  000F1A      1E32       0  CODE        2
                text1312                       000F1A  000005  000F1F      1E34       0  CODE        2
                text1310                       000F1F  000005  000F24      1E3E       0  CODE        2
                text1303                       000F24  000008  000F2C      1E48       0  CODE        2
                clrtext                        000F2C  000008  000F34      1E58       0  CODE        2
                text1296                       000F34  000009  000F3D      1E68       0  CODE        2
                text1302                       000F3D  00000C  000F49      1E7A       0  CODE        2
                text1301                       000F49  00000C  000F55      1E92       0  CODE        2
                text1298                       000F55  00000D  000F62      1EAA       0  CODE        2
                text1299                       000F62  00000E  000F70      1EC4       0  CODE        2
                text1293                       000F70  00000E  000F7E      1EE0       0  CODE        2
                text1287                       000F7E  00000E  000F8C      1EFC       0  CODE        2
                text1282                       000F8C  000012  000F9E      1F18       0  CODE        2
                text1290                       000F9E  000013  000FB1      1F3C       0  CODE        2
                text1289                       000FB1  000013  000FC4      1F62       0  CODE        2
                text1283                       000FC4  000013  000FD7      1F88       0  CODE        2
                text1305                       000FD7  000014  000FEB      1FAE       0  CODE        2
                text1277                       000FEB  000015  001000      1FD6       0  CODE        2
                config                         002007  000001  002008      400E       0  CONFIG      2
                eeprom_data                    002100  000008  002108      4200       2  EEDATA      2


UNUSED ADDRESS RANGES

        Name                Unused          Largest block    Delta
        BANK0            0046-006F             2A           1
        BANK1            00A0-00EF             50           1
        BANK2            0110-016F             60           1
        BANK3            0190-01EF             60           1
        CODE             0800-0F18            719           2
                         1000-1FFF            800
        COMMON           007A-007D              4           1
        CONFIG           2008-2008              1           2
        CONST            0800-0F18            100           2
                         1000-1FFF            100
        EEDATA           2108-21FF             F8           2
        ENTRY            0800-0F18            100           2
                         1000-1FFF            100
        IDLOC            2000-2003              4           2
        RAM              0046-006F             2A           1
                         00A0-00EF             50
                         0110-016F             60
                         0190-01EF             60
        SFR0             0000-001F             20           1
        SFR1             0080-009F             20           1
        SFR2             0100-010F             10           1
        SFR3             0180-018F             10           1
        STRCODE          0800-0F18            719           2
                         1000-1FFF           1000
        STRING           0800-0F18            100           2
                         1000-1FFF            100

                                  Symbol Table

?_SEND_PACKET                   cstackBANK0  0026
?_brushless                     cstackBANK0  0022
?_delay_ms                      cstackCOMMON 0074
?_send_lcd_data                 cstackCOMMON 0075
?_set_pwm1                      cstackCOMMON 0074
?_set_pwm2                      cstackCOMMON 0074
LF@UARTRC                       cstackBANK0  002A
LSA08_GetSensor@sensorbin       cstackBANK0  0027
LSA08_UARTMode@mode             cstackBANK0  002E
SEND_PACKET@add                 cstackBANK0  002A
SEND_PACKET@com_dat             cstackBANK0  0028
SEND_PACKET@command             cstackBANK0  0026
SEND_PACKET@value               cstackBANK0  0027
UART_DUMP@dump                  cstackBANK0  0025
UART_REC@rec_data               cstackBANK0  0024
UART_REC@waitcount              cstackBANK0  0020
UART_RESPONSE@rec_bytes         cstackBANK0  0025
UART_SEND@data                  cstackCOMMON 0074
_ADCS0                          (abs)        00FE
_ADCS1                          (abs)        00FF
_ADFM                           (abs)        04FF
_ADON                           (abs)        00F8
_ADRESH                         (abs)        001E
_ADRESL                         (abs)        009E
_ANS0                           (abs)        0C40
_ANS1                           (abs)        0C41
_ANS10                          (abs)        0C4A
_ANS11                          (abs)        0C4B
_ANS12                          (abs)        0C4C
_ANS13                          (abs)        0C4D
_ANS2                           (abs)        0C42
_ANS3                           (abs)        0C43
_ANS4                           (abs)        0C44
_ANS5                           (abs)        0C45
_ANS6                           (abs)        0C46
_ANS7                           (abs)        0C47
_ANS8                           (abs)        0C48
_ANS9                           (abs)        0C49
_ANSELHbits                     (abs)        0189
_BAUDCTLbits                    (abs)        0187
_CCP1CON                        (abs)        0017
_CCP1M0                         (abs)        00B8
_CCP1M1                         (abs)        00B9
_CCP1M2                         (abs)        00BA
_CCP1M3                         (abs)        00BB
_CCP2CON                        (abs)        001D
_CCP2M0                         (abs)        00E8
_CCP2M1                         (abs)        00E9
_CCP2M2                         (abs)        00EA
_CCP2M3                         (abs)        00EB
_CCP2X                          (abs)        00ED
_CCP2Y                          (abs)        00EC
_CCPR1L                         (abs)        0015
_CCPR2L                         (abs)        001B
_CHS0                           (abs)        00FA
_CHS1                           (abs)        00FB
_CHS2                           (abs)        00FC
_CHS3                           (abs)        00FD
_DC1B0                          (abs)        00BC
_DC1B1                          (abs)        00BD
_ERR_FLAG                       bssBANK0     0044
_FERR                           (abs)        00C2
_GIE                            (abs)        005F
_GO_DONE                        (abs)        00F9
_LF                             text1294     0015
_LSA08_ADD                      dataBANK0    0045
_LSA08_ClearJunction            text1289     0FB1
_LSA08_GetJunction              text1290     0F9E
_LSA08_GetSensor                text1304     074F
_LSA08_Init                     text1277     0FEB
_LSA08_UARTMode                 text1279     06D4
_OSCCON                         (abs)        008F
_P1M0                           (abs)        00BE
_P1M1                           (abs)        00BF
_PEIE                           (abs)        005E
_PORTA                          (abs)        0005
_PORTB                          (abs)        0006
_PORTC                          (abs)        0007
_PORTD                          (abs)        0008
_PORTE                          (abs)        0009
_PR2                            (abs)        0092
_RA2                            (abs)        002A
_RA6                            (abs)        002E
_RA7                            (abs)        002F
_RB0                            (abs)        0030
_RB7                            (abs)        0037
_RC3                            (abs)        003B
_RC4                            (abs)        003C
_RC5                            (abs)        003D
_RCIF                           (abs)        0065
_RCREG                          (abs)        001A
_RCSTAbits                      (abs)        0018
_RD0                            (abs)        0040
_RE0                            (abs)        0048
_RE1                            (abs)        0049
_RE2                            (abs)        004A
_SEND_PACKET                    text1291     065C
_SPBRG                          (abs)        0099
_SPBRGH                         (abs)        009A
_T1CKPS0                        (abs)        0084
_T1CKPS1                        (abs)        0085
_T1OSCEN                        (abs)        0083
_T1SYNC                         (abs)        0082
_T2CKPS0                        (abs)        0090
_T2CKPS1                        (abs)        0091
_TMR1CS                         (abs)        0081
_TMR1H                          (abs)        000F
_TMR1IE                         (abs)        0460
_TMR1IF                         (abs)        0060
_TMR1L                          (abs)        000E
_TMR1ON                         (abs)        0080
_TMR2ON                         (abs)        0092
_TRISA                          (abs)        0085
_TRISB                          (abs)        0086
_TRISB0                         (abs)        0430
_TRISC                          (abs)        0087
_TRISCbits                      (abs)        0087
_TRISD                          (abs)        0088
_TRISE                          (abs)        0089
_TRMT                           (abs)        04C1
_TXREG                          (abs)        0019
_TXSTAbits                      (abs)        0098
_UART_DUMP                      text1305     0FD7
_UART_INIT                      text1278     07C0
_UART_REC                       text1306     0582
_UART_RESPONSE                  text1292     0627
_UART_SEND                      text1293     0F70
_VCFG0                          (abs)        04FC
_VCFG1                          (abs)        04FD
__Babs1                         abs1         4210
__Bbank0                        bank0        4210
__Bbank1                        bank1        4210
__Bbank2                        bank2        4210
__Bbank3                        bank3        4210
__BbssBANK0                     bssBANK0     4210
__BbssCOMMON                    bssCOMMON    4210
__Bcinit                        cinit        4210
__Bclrtext                      clrtext      4210
__Bcode                         code         4210
__Bcommon                       common       4210
__BcstackBANK0                  cstackBANK0  4210
__BcstackCOMMON                 cstackCOMMON 4210
__BdataBANK0                    dataBANK0    4210
__BdataCOMMON                   dataCOMMON   4210
__Beeprom_data                  eeprom_data  2100
__BidataBANK0                   idataBANK0   4210
__BidataCOMMON                  idataCOMMON  4210
__Bmaintext                     maintext     4210
__Bram                          ram          4210
__Bsfr0                         sfr0         4210
__Bsfr1                         sfr1         4210
__Bsfr2                         sfr2         4210
__Bsfr3                         sfr3         4210
__Bstrings                      strings      4210
__Btext                         text         4210
__CFG_BOREN$OFF                 (abs)        0000
__CFG_FOSC$INTRC_NOCLKOUT       (abs)        0000
__CFG_LVP$OFF                   (abs)        0000
__CFG_PWRTE$ON                  (abs)        0000
__CFG_WDTE$OFF                  (abs)        0000
__Habs1                         abs1         0010
__Hbank0                        bank0        0010
__Hbank1                        bank1        0010
__Hbank2                        bank2        0010
__Hbank3                        bank3        0010
__HbssBANK0                     bssBANK0     0010
__HbssCOMMON                    bssCOMMON    0010
__Hcinit                        cinit        0010
__Hclrtext                      clrtext      0010
__Hcode                         code         0010
__Hcommon                       common       0010
__Hconfig                       config       2008
__HcstackBANK0                  cstackBANK0  0010
__HcstackCOMMON                 cstackCOMMON 0010
__HdataBANK0                    dataBANK0    0010
__HdataCOMMON                   dataCOMMON   0010
__Heeprom_data                  eeprom_data  0008
__Hend_init                     end_init     0015
__Hfunctab                      functab      0000
__HidataBANK0                   idataBANK0   0010
__HidataCOMMON                  idataCOMMON  0010
__Hidloc                        idloc        0000
__Hinit                         init         0012
__Hintentry                     intentry     0012
__Hmaintext                     maintext     0010
__Hpowerup                      powerup      0000
__Hram                          ram          0010
__Hreset_vec                    reset_vec    0003
__Hsfr0                         sfr0         0010
__Hsfr1                         sfr1         0010
__Hsfr2                         sfr2         0010
__Hsfr3                         sfr3         0010
__Hstrings                      strings      0010
__Htext                         text         0010
__Labs1                         abs1         0010
__Lbank0                        bank0        0010
__Lbank1                        bank1        0010
__Lbank2                        bank2        0010
__Lbank3                        bank3        0010
__LbssBANK0                     bssBANK0     0010
__LbssCOMMON                    bssCOMMON    0010
__Lcinit                        cinit        0010
__Lclrtext                      clrtext      0010
__Lcode                         code         0010
__Lcommon                       common       0010
__Lconfig                       config       2007
__LcstackBANK0                  cstackBANK0  0010
__LcstackCOMMON                 cstackCOMMON 0010
__LdataBANK0                    dataBANK0    0010
__LdataCOMMON                   dataCOMMON   0010
__Leeprom_data                  eeprom_data  0000
__Lend_init                     end_init     0012
__Lfunctab                      functab      0000
__LidataBANK0                   idataBANK0   0010
__LidataCOMMON                  idataCOMMON  0010
__Lidloc                        idloc        0000
__Linit                         init         0012
__Lintentry                     intentry     0004
__Lmaintext                     maintext     0010
__Lpowerup                      powerup      0000
__Lram                          ram          0010
__Lreset_vec                    reset_vec    0000
__Lsfr0                         sfr0         0010
__Lsfr1                         sfr1         0010
__Lsfr2                         sfr2         0010
__Lsfr3                         sfr3         0010
__Lstrings                      strings      0010
__Ltext                         text         0010
__S0                            (abs)        2008
__S1                            (abs)        007A
__S2                            (abs)        2108
__end_of_LF                     text1294     01B3
__end_of_LSA08_ClearJunction    text1289     0FC4
__end_of_LSA08_GetJunction      text1290     0FB1
__end_of_LSA08_GetSensor        text1304     076D
__end_of_LSA08_Init             text1277     1000
__end_of_LSA08_UARTMode         text1279     06F3
__end_of_SEND_PACKET            text1291     068B
__end_of_UART_DUMP              text1305     0FEB
__end_of_UART_INIT              text1278     07D8
__end_of_UART_REC               text1306     05E0
__end_of_UART_RESPONSE          text1292     065C
__end_of_UART_SEND              text1293     0F7E
__end_of__initialization        cinit        07A2
__end_of__stringdata            strings      04A3
__end_of__stringtab             strings      0433
__end_of_adc_init               text1275     078A
__end_of_beep                   text1285     06B2
__end_of_brushless              text1307     03B6
__end_of_delay_ms               text1286     074F
__end_of_forward                text1287     0F8C
__end_of_isr                    text1311     07EF
__end_of_lcd_2ndline            text1298     0F62
__end_of_lcd_clear_msg          text1295     0800
__end_of_lcd_clr                text1296     0F3D
__end_of_lcd_init               text1276     0582
__end_of_lcd_putchar            text1299     0F70
__end_of_lcd_putstr             text1297     0627
__end_of_line_follow_cross      text1288     042D
__end_of_line_following         text1284     026D
__end_of_main                   maintext     0515
__end_of_mc40se_init            text1280     06D4
__end_of_pwm_init               text1281     07C0
__end_of_relay_off_all          text1282     0F9E
__end_of_run                    text1310     0F24
__end_of_send_lcd_data          text1300     031B
__end_of_set_lcd_data           text1303     0F2C
__end_of_set_lcd_e              text1301     0F55
__end_of_set_lcd_rs             text1302     0F49
__end_of_set_pwm1               text1308     0712
__end_of_set_pwm2               text1309     0731
__end_of_timer1_init            text1283     0FD7
__end_of_timer1_isr             text1312     0F1F
__initialization                cinit        078A
__pbssBANK0                     bssBANK0     0034
__pbssCOMMON                    bssCOMMON    0076
__pcstackBANK0                  cstackBANK0  0020
__pcstackCOMMON                 cstackCOMMON 0070
__pdataBANK0                    dataBANK0    0045
__pdataCOMMON                   dataCOMMON   0079
__pidataBANK0                   idataBANK0   0F19
__pidataCOMMON                  idataCOMMON  0003
__pintentry                     intentry     0004
__pmaintext                     maintext     04A3
__pstrings                      strings      042D
__ptext1275                     text1275     076D
__ptext1276                     text1276     0515
__ptext1277                     text1277     0FEB
__ptext1278                     text1278     07C0
__ptext1279                     text1279     06D4
__ptext1280                     text1280     06B2
__ptext1281                     text1281     07A6
__ptext1282                     text1282     0F8C
__ptext1283                     text1283     0FC4
__ptext1284                     text1284     01B3
__ptext1285                     text1285     068B
__ptext1286                     text1286     0731
__ptext1287                     text1287     0F7E
__ptext1288                     text1288     03B6
__ptext1289                     text1289     0FB1
__ptext1290                     text1290     0F9E
__ptext1291                     text1291     065C
__ptext1292                     text1292     0627
__ptext1293                     text1293     0F70
__ptext1294                     text1294     0015
__ptext1295                     text1295     07EF
__ptext1296                     text1296     0F34
__ptext1297                     text1297     05E0
__ptext1298                     text1298     0F55
__ptext1299                     text1299     0F62
__ptext1300                     text1300     026D
__ptext1301                     text1301     0F49
__ptext1302                     text1302     0F3D
__ptext1303                     text1303     0F24
__ptext1304                     text1304     074F
__ptext1305                     text1305     0FD7
__ptext1306                     text1306     0582
__ptext1307                     text1307     031B
__ptext1308                     text1308     06F3
__ptext1309                     text1309     0712
__ptext1310                     text1310     0F1F
__ptext1311                     text1311     07D8
__ptext1312                     text1312     0F1A
__ptext1313                     text1313     0000
__size_of_LF                    (abs)        0000
__size_of_LSA08_ClearJunction   (abs)        0000
__size_of_LSA08_GetJunction     (abs)        0000
__size_of_LSA08_GetSensor       (abs)        0000
__size_of_LSA08_Init            (abs)        0000
__size_of_LSA08_UARTMode        (abs)        0000
__size_of_SEND_PACKET           (abs)        0000
__size_of_UART_DUMP             (abs)        0000
__size_of_UART_INIT             (abs)        0000
__size_of_UART_REC              (abs)        0000
__size_of_UART_RESPONSE         (abs)        0000
__size_of_UART_SEND             (abs)        0000
__size_of_adc_init              (abs)        0000
__size_of_beep                  (abs)        0000
__size_of_brushless             (abs)        0000
__size_of_delay_ms              (abs)        0000
__size_of_forward               (abs)        0000
__size_of_isr                   (abs)        0000
__size_of_lcd_2ndline           (abs)        0000
__size_of_lcd_clear_msg         (abs)        0000
__size_of_lcd_clr               (abs)        0000
__size_of_lcd_init              (abs)        0000
__size_of_lcd_putchar           (abs)        0000
__size_of_lcd_putstr            (abs)        0000
__size_of_line_follow_cross     (abs)        0000
__size_of_line_following        (abs)        0000
__size_of_main                  (abs)        0000
__size_of_mc40se_init           (abs)        0000
__size_of_pwm_init              (abs)        0000
__size_of_relay_off_all         (abs)        0000
__size_of_run                   (abs)        0000
__size_of_send_lcd_data         (abs)        0000
__size_of_set_lcd_data          (abs)        0000
__size_of_set_lcd_e             (abs)        0000
__size_of_set_lcd_rs            (abs)        0000
__size_of_set_pwm1              (abs)        0000
__size_of_set_pwm2              (abs)        0000
__size_of_timer1_init           (abs)        0000
__size_of_timer1_isr            (abs)        0000
__stringdata                    strings      0433
__stringtab                     strings      042D
_adc_init                       text1275     076D
_b_4_bits_data_bus              dataCOMMON   0079
_beep                           text1285     068B
_brushless                      text1307     031B
_delay_ms                       text1286     0731
_encoder                        bssBANK0     003E
_forward                        text1287     0F7E
_isr                            text1311     07D8
_lcd_2ndline                    text1298     0F55
_lcd_clear_msg                  text1295     07EF
_lcd_clr                        text1296     0F34
_lcd_init                       text1276     0515
_lcd_putchar                    text1299     0F62
_lcd_putstr                     text1297     05E0
_left_s                         bssBANK0     0040
_line_follow_cross              text1288     03B6
_line_following                 text1284     01B3
_main                           maintext     04A3
_mc40se_init                    text1280     06B2
_pwm_init                       text1281     07A6
_rec                            bssCOMMON    0076
_relay_off_all                  text1282     0F8C
_right_s                        bssBANK0     0042
_run                            text1310     0F1F
_send_lcd_data                  text1300     026D
_set_lcd_data                   text1303     0F24
_set_lcd_e                      text1301     0F49
_set_lcd_rs                     text1302     0F3D
_set_pwm1                       text1308     06F3
_set_pwm2                       text1309     0712
_timer1_init                    text1283     0FC4
_timer1_isr                     text1312     0F1A
beep@uc_count                   cstackBANK0  0022
brushless@uc_motor_dir          cstackBANK0  0023
brushless@uc_motor_status       cstackBANK0  0022
brushless@uc_port_number        cstackBANK0  0028
brushless@ui_speed              cstackBANK0  0024
btemp                           (abs)        007E
clear_ram                       clrtext      0F2C
delay_ms@ui_value               cstackCOMMON 0074
end_of_initialization           cinit        07A2
interrupt_function              intentry     0004
intlevel0                       functab      0000
intlevel1                       functab      0000
intlevel2                       functab      0000
intlevel3                       functab      0000
intlevel4                       functab      0000
intlevel5                       functab      0000
lcd_bcd@F1675                   bssBANK0     0034
lcd_clear_msg@csz_string        cstackBANK0  0028
lcd_putchar@c_data              cstackBANK0  0025
lcd_putstr@csz_string           cstackBANK0  0027
line_follow_cross@cross_count   cstackBANK0  002E
line_follow_cross@current_cross cstackBANK0  002F
line_follow_cross@wait          cstackBANK0  0030
line_following@cou              cstackBANK0  0032
line_following@times            cstackBANK0  0033
reset_vec                       reset_vec    0000
saved_w                         (abs)        007E
send_lcd_data@b_rs              cstackBANK0  0023
send_lcd_data@uc_data           cstackCOMMON 0075
send_lcd_data@uc_pre_portd      cstackBANK0  0022
set_lcd_data@uc_data            cstackCOMMON 0074
set_lcd_e@b_output              cstackCOMMON 0074
set_lcd_rs@b_output             cstackCOMMON 0074
set_pwm1@ui_duty_cycle          cstackCOMMON 0074
set_pwm2@ui_duty_cycle          cstackCOMMON 0074
start                           init         0012
start_initialization            cinit        078A
wtemp0                          (abs)        007E


FUNCTION INFORMATION:

 *************** function _main *****************
 Defined at:
		line 167 in file "../MC40SE Line Following UART.c"
 Parameters:    Size  Location     Type
		None
 Auto vars:     Size  Location     Type
		None
 Return value:  Size  Location     Type
                  2  325[COMMON] int 
 Registers used:
		wreg, fsr0l, fsr0h, fsr1l, fsr1h, status,2, status,0, btemp+1, pclath, cstack
 Tracked objects:
		On entry : 
		On exit  : 
		Unchanged: 
 Data sizes:     COMMON   BANK0   BANK1   BANK3   BANK2
      Params:         0       0       0       0       0
      Locals:         0       0       0       0       0
      Temps:          0       0       0       0       0
      Totals:         0       0       0       0       0
Total ram usage:        0 bytes
 Hardware stack levels required when called:   10
 This function calls:
		_mc40se_init
		_pwm_init
		_relay_off_all
		_adc_init
		_timer1_init
		_lcd_init
		_LSA08_Init
		_brushless
		_lcd_clear_msg
		_delay_ms
		_beep
		_line_following
 This function is called by:
		Startup code after reset
 This function uses a non-reentrant model


 *************** function _adc_init *****************
 Defined at:
		line 29 in file "../adc.c"
 Parameters:    Size  Location     Type
		None
 Auto vars:     Size  Location     Type
		None
 Return value:  Size  Location     Type
		None               void
 Registers used:
		None
 Tracked objects:
		On entry : 
		On exit  : 
		Unchanged: 
 Data sizes:     COMMON   BANK0   BANK1   BANK3   BANK2
      Params:         0       0       0       0       0
      Locals:         0       0       0       0       0
      Temps:          0       0       0       0       0
      Totals:         0       0       0       0       0
Total ram usage:        0 bytes
 Hardware stack levels used:    1
 Hardware stack levels required when called:    2
 This function calls:
		Nothing
 This function is called by:
		_main
 This function uses a non-reentrant model


 *************** function _lcd_init *****************
 Defined at:
		line 113 in file "../lcd.c"
 Parameters:    Size  Location     Type
		None
 Auto vars:     Size  Location     Type
		None
 Return value:  Size  Location     Type
		None               void
 Registers used:
		wreg, status,2, status,0, pclath, cstack
 Tracked objects:
		On entry : 
		On exit  : 
		Unchanged: 
 Data sizes:     COMMON   BANK0   BANK1   BANK3   BANK2
      Params:         0       0       0       0       0
      Locals:         0       0       0       0       0
      Temps:          0       2       0       0       0
      Totals:         0       2       0       0       0
Total ram usage:        2 bytes
 Hardware stack levels used:    1
 Hardware stack levels required when called:    5
 This function calls:
		_set_lcd_e
		_send_lcd_data
		_lcd_clr
 This function is called by:
		_main
 This function uses a non-reentrant model


 *************** function _LSA08_Init *****************
 Defined at:
		line 255 in file "../LSA08.h"
 Parameters:    Size  Location     Type
		None
 Auto vars:     Size  Location     Type
		None
 Return value:  Size  Location     Type
                  1    wreg      unsigned char 
 Registers used:
		wreg, status,2, status,0, pclath, cstack
 Tracked objects:
		On entry : 
		On exit  : 
		Unchanged: 
 Data sizes:     COMMON   BANK0   BANK1   BANK3   BANK2
      Params:         0       0       0       0       0
      Locals:         0       0       0       0       0
      Temps:          0       0       0       0       0
      Totals:         0       0       0       0       0
Total ram usage:        0 bytes
 Hardware stack levels used:    1
 Hardware stack levels required when called:    6
 This function calls:
		_UART_INIT
		_LSA08_ClearJunction
		_LSA08_UARTMode
 This function is called by:
		_main
 This function uses a non-reentrant model


 *************** function _UART_INIT *****************
 Defined at:
		line 821 in file "../MC40SE Line Following UART.c"
 Parameters:    Size  Location     Type
		None
 Auto vars:     Size  Location     Type
		None
 Return value:  Size  Location     Type
		None               void
 Registers used:
		wreg, status,2
 Tracked objects:
		On entry : 
		On exit  : 
		Unchanged: 
 Data sizes:     COMMON   BANK0   BANK1   BANK3   BANK2
      Params:         0       0       0       0       0
      Locals:         0       0       0       0       0
      Temps:          0       0       0       0       0
      Totals:         0       0       0       0       0
Total ram usage:        0 bytes
 Hardware stack levels used:    1
 Hardware stack levels required when called:    2
 This function calls:
		Nothing
 This function is called by:
		_LSA08_Init
 This function uses a non-reentrant model


 *************** function _LSA08_UARTMode *****************
 Defined at:
		line 362 in file "../LSA08.h"
 Parameters:    Size  Location     Type
  mode            1    wreg     unsigned char 
 Auto vars:     Size  Location     Type
  mode            1   14[BANK0 ] unsigned char 
 Return value:  Size  Location     Type
                  1    wreg      unsigned char 
 Registers used:
		wreg, status,2, status,0, pclath, cstack
 Tracked objects:
		On entry : 
		On exit  : 
		Unchanged: 
 Data sizes:     COMMON   BANK0   BANK1   BANK3   BANK2
      Params:         0       0       0       0       0
      Locals:         0       1       0       0       0
      Temps:          0       3       0       0       0
      Totals:         0       4       0       0       0
Total ram usage:        4 bytes
 Hardware stack levels used:    1
 Hardware stack levels required when called:    5
 This function calls:
		_SEND_PACKET
 This function is called by:
		_LSA08_Init
 This function uses a non-reentrant model


 *************** function _mc40se_init *****************
 Defined at:
		line 268 in file "../MC40SE Line Following UART.c"
 Parameters:    Size  Location     Type
		None
 Auto vars:     Size  Location     Type
		None
 Return value:  Size  Location     Type
		None               void
 Registers used:
		wreg, status,2, status,0, pclath, cstack
 Tracked objects:
		On entry : 
		On exit  : 
		Unchanged: 
 Data sizes:     COMMON   BANK0   BANK1   BANK3   BANK2
      Params:         0       0       0       0       0
      Locals:         0       0       0       0       0
      Temps:          0       0       0       0       0
      Totals:         0       0       0       0       0
Total ram usage:        0 bytes
 Hardware stack levels used:    1
 Hardware stack levels required when called:    3
 This function calls:
		_delay_ms
 This function is called by:
		_main
 This function uses a non-reentrant model


 *************** function _pwm_init *****************
 Defined at:
		line 29 in file "../pwm.c"
 Parameters:    Size  Location     Type
		None
 Auto vars:     Size  Location     Type
		None
 Return value:  Size  Location     Type
		None               void
 Registers used:
		wreg, status,2
 Tracked objects:
		On entry : 
		On exit  : 
		Unchanged: 
 Data sizes:     COMMON   BANK0   BANK1   BANK3   BANK2
      Params:         0       0       0       0       0
      Locals:         0       0       0       0       0
      Temps:          0       0       0       0       0
      Totals:         0       0       0       0       0
Total ram usage:        0 bytes
 Hardware stack levels used:    1
 Hardware stack levels required when called:    2
 This function calls:
		Nothing
 This function is called by:
		_main
 This function uses a non-reentrant model


 *************** function _relay_off_all *****************
 Defined at:
		line 510 in file "../MC40SE Line Following UART.c"
 Parameters:    Size  Location     Type
		None
 Auto vars:     Size  Location     Type
		None
 Return value:  Size  Location     Type
		None               void
 Registers used:
		wreg, status,2, status,0, pclath, cstack
 Tracked objects:
		On entry : 
		On exit  : 
		Unchanged: 
 Data sizes:     COMMON   BANK0   BANK1   BANK3   BANK2
      Params:         0       0       0       0       0
      Locals:         0       0       0       0       0
      Temps:          0       0       0       0       0
      Totals:         0       0       0       0       0
Total ram usage:        0 bytes
 Hardware stack levels used:    1
 Hardware stack levels required when called:    3
 This function calls:
		_delay_ms
 This function is called by:
		_main
 This function uses a non-reentrant model


 *************** function _timer1_init *****************
 Defined at:
		line 38 in file "../timer1.c"
 Parameters:    Size  Location     Type
		None
 Auto vars:     Size  Location     Type
		None
 Return value:  Size  Location     Type
		None               void
 Registers used:
		status,2
 Tracked objects:
		On entry : 
		On exit  : 
		Unchanged: 
 Data sizes:     COMMON   BANK0   BANK1   BANK3   BANK2
      Params:         0       0       0       0       0
      Locals:         0       0       0       0       0
      Temps:          0       0       0       0       0
      Totals:         0       0       0       0       0
Total ram usage:        0 bytes
 Hardware stack levels used:    1
 Hardware stack levels required when called:    2
 This function calls:
		Nothing
 This function is called by:
		_main
 This function uses a non-reentrant model


 *************** function _line_following *****************
 Defined at:
		line 539 in file "../MC40SE Line Following UART.c"
 Parameters:    Size  Location     Type
		None
 Auto vars:     Size  Location     Type
  times           1   19[BANK0 ] unsigned char 
  cou             1   18[BANK0 ] unsigned char 
 Return value:  Size  Location     Type
		None               void
 Registers used:
		wreg, fsr0l, fsr0h, fsr1l, fsr1h, status,2, status,0, btemp+1, pclath, cstack
 Tracked objects:
		On entry : 
		On exit  : 
		Unchanged: 
 Data sizes:     COMMON   BANK0   BANK1   BANK3   BANK2
      Params:         0       0       0       0       0
      Locals:         0       2       0       0       0
      Temps:          0       1       0       0       0
      Totals:         0       3       0       0       0
Total ram usage:        3 bytes
 Hardware stack levels used:    1
 Hardware stack levels required when called:    9
 This function calls:
		_forward
		_lcd_clear_msg
		_delay_ms
		_beep
		_line_follow_cross
		_brushless
		_LSA08_GetSensor
 This function is called by:
		_main
 This function uses a non-reentrant model


 *************** function _beep *****************
 Defined at:
		line 246 in file "../MC40SE Line Following UART.c"
 Parameters:    Size  Location     Type
  uc_count        1    wreg     unsigned char 
 Auto vars:     Size  Location     Type
  uc_count        1    2[BANK0 ] unsigned char 
 Return value:  Size  Location     Type
		None               void
 Registers used:
		wreg, status,2, status,0, pclath, cstack
 Tracked objects:
		On entry : 
		On exit  : 
		Unchanged: 
 Data sizes:     COMMON   BANK0   BANK1   BANK3   BANK2
      Params:         0       0       0       0       0
      Locals:         0       1       0       0       0
      Temps:          0       0       0       0       0
      Totals:         0       1       0       0       0
Total ram usage:        1 bytes
 Hardware stack levels used:    1
 Hardware stack levels required when called:    3
 This function calls:
		_delay_ms
 This function is called by:
		_main
		_line_following
 This function uses a non-reentrant model


 *************** function _delay_ms *****************
 Defined at:
		line 225 in file "../MC40SE Line Following UART.c"
 Parameters:    Size  Location     Type
  ui_value        2    4[COMMON] unsigned int 
 Auto vars:     Size  Location     Type
		None
 Return value:  Size  Location     Type
		None               void
 Registers used:
		wreg
 Tracked objects:
		On entry : 
		On exit  : 
		Unchanged: 
 Data sizes:     COMMON   BANK0   BANK1   BANK3   BANK2
      Params:         2       0       0       0       0
      Locals:         0       0       0       0       0
      Temps:          0       2       0       0       0
      Totals:         2       2       0       0       0
Total ram usage:        4 bytes
 Hardware stack levels used:    1
 Hardware stack levels required when called:    2
 This function calls:
		Nothing
 This function is called by:
		_main
		_beep
		_mc40se_init
		_relay_off_all
		_line_following
		_relay_on
		_relay_off
 This function uses a non-reentrant model


 *************** function _forward *****************
 Defined at:
		line 682 in file "../MC40SE Line Following UART.c"
 Parameters:    Size  Location     Type
		None
 Auto vars:     Size  Location     Type
		None
 Return value:  Size  Location     Type
		None               void
 Registers used:
		status,2, status,0, pclath, cstack
 Tracked objects:
		On entry : 
		On exit  : 
		Unchanged: 
 Data sizes:     COMMON   BANK0   BANK1   BANK3   BANK2
      Params:         0       0       0       0       0
      Locals:         0       0       0       0       0
      Temps:          0       0       0       0       0
      Totals:         0       0       0       0       0
Total ram usage:        0 bytes
 Hardware stack levels used:    1
 Hardware stack levels required when called:    3
 This function calls:
		_run
 This function is called by:
		_line_following
 This function uses a non-reentrant model


 *************** function _line_follow_cross *****************
 Defined at:
		line 583 in file "../MC40SE Line Following UART.c"
 Parameters:    Size  Location     Type
  cross_count     1    wreg     unsigned char 
 Auto vars:     Size  Location     Type
  cross_count     1   14[BANK0 ] unsigned char 
  wait            1   16[BANK0 ] unsigned char 
  current_cros    1   15[BANK0 ] unsigned char 
 Return value:  Size  Location     Type
		None               void
 Registers used:
		wreg, fsr0l, fsr0h, status,2, status,0, pclath, cstack
 Tracked objects:
		On entry : 
		On exit  : 
		Unchanged: 
 Data sizes:     COMMON   BANK0   BANK1   BANK3   BANK2
      Params:         0       0       0       0       0
      Locals:         0       3       0       0       0
      Temps:          0       1       0       0       0
      Totals:         0       4       0       0       0
Total ram usage:        4 bytes
 Hardware stack levels used:    1
 Hardware stack levels required when called:    8
 This function calls:
		_brushless
		_LF
		_LSA08_GetJunction
		_LSA08_ClearJunction
 This function is called by:
		_line_following
 This function uses a non-reentrant model


 *************** function _LSA08_ClearJunction *****************
 Defined at:
		line 333 in file "../LSA08.h"
 Parameters:    Size  Location     Type
		None
 Auto vars:     Size  Location     Type
		None
 Return value:  Size  Location     Type
                  1    wreg      unsigned char 
 Registers used:
		wreg, status,2, status,0, pclath, cstack
 Tracked objects:
		On entry : 
		On exit  : 
		Unchanged: 
 Data sizes:     COMMON   BANK0   BANK1   BANK3   BANK2
      Params:         0       0       0       0       0
      Locals:         0       0       0       0       0
      Temps:          0       2       0       0       0
      Totals:         0       2       0       0       0
Total ram usage:        2 bytes
 Hardware stack levels used:    1
 Hardware stack levels required when called:    5
 This function calls:
		_SEND_PACKET
 This function is called by:
		_LSA08_Init
		_line_follow_cross
 This function uses a non-reentrant model


 *************** function _LSA08_GetJunction *****************
 Defined at:
		line 326 in file "../LSA08.h"
 Parameters:    Size  Location     Type
		None
 Auto vars:     Size  Location     Type
		None
 Return value:  Size  Location     Type
                  1    wreg      unsigned char 
 Registers used:
		wreg, status,2, status,0, pclath, cstack
 Tracked objects:
		On entry : 
		On exit  : 
		Unchanged: 
 Data sizes:     COMMON   BANK0   BANK1   BANK3   BANK2
      Params:         0       0       0       0       0
      Locals:         0       0       0       0       0
      Temps:          0       1       0       0       0
      Totals:         0       1       0       0       0
Total ram usage:        1 bytes
 Hardware stack levels used:    1
 Hardware stack levels required when called:    5
 This function calls:
		_SEND_PACKET
 This function is called by:
		_line_follow_cross
 This function uses a non-reentrant model


 *************** function _SEND_PACKET *****************
 Defined at:
		line 247 in file "../LSA08.h"
 Parameters:    Size  Location     Type
  add             1    wreg     unsigned char 
  command         1    6[BANK0 ] unsigned char 
  value           1    7[BANK0 ] unsigned char 
  com_dat         1    8[BANK0 ] unsigned char 
 Auto vars:     Size  Location     Type
  add             1   10[BANK0 ] unsigned char 
 Return value:  Size  Location     Type
                  1    wreg      unsigned char 
 Registers used:
		wreg, status,2, status,0, pclath, cstack
 Tracked objects:
		On entry : 
		On exit  : 
		Unchanged: 
 Data sizes:     COMMON   BANK0   BANK1   BANK3   BANK2
      Params:         0       3       0       0       0
      Locals:         0       1       0       0       0
      Temps:          0       1       0       0       0
      Totals:         0       5       0       0       0
Total ram usage:        5 bytes
 Hardware stack levels used:    1
 Hardware stack levels required when called:    4
 This function calls:
		_UART_SEND
		_UART_RESPONSE
 This function is called by:
		_LSA08_GetJunction
		_LSA08_ClearJunction
		_LSA08_UARTMode
		_LSA08_Calibrate
		_LSA08_LineMode
		_LSA08_Threshold
		_LSA08_JunctionWidth
		_LSA08_BL
		_LSA08_Contrast
 This function uses a non-reentrant model


 *************** function _UART_RESPONSE *****************
 Defined at:
		line 227 in file "../LSA08.h"
 Parameters:    Size  Location     Type
  rec_bytes       1    wreg     unsigned char 
 Auto vars:     Size  Location     Type
  rec_bytes       1    5[BANK0 ] unsigned char 
 Return value:  Size  Location     Type
                  1    wreg      unsigned char 
 Registers used:
		wreg, pclath, cstack
 Tracked objects:
		On entry : 
		On exit  : 
		Unchanged: 
 Data sizes:     COMMON   BANK0   BANK1   BANK3   BANK2
      Params:         0       0       0       0       0
      Locals:         0       1       0       0       0
      Temps:          1       0       0       0       0
      Totals:         1       1       0       0       0
Total ram usage:        2 bytes
 Hardware stack levels used:    1
 Hardware stack levels required when called:    3
 This function calls:
		_UART_REC
 This function is called by:
		_SEND_PACKET
 This function uses a non-reentrant model


 *************** function _UART_SEND *****************
 Defined at:
		line 843 in file "../MC40SE Line Following UART.c"
 Parameters:    Size  Location     Type
  data            1    wreg     unsigned char 
 Auto vars:     Size  Location     Type
  data            1    4[COMMON] unsigned char 
 Return value:  Size  Location     Type
		None               void
 Registers used:
		wreg
 Tracked objects:
		On entry : 
		On exit  : 
		Unchanged: 
 Data sizes:     COMMON   BANK0   BANK1   BANK3   BANK2
      Params:         0       0       0       0       0
      Locals:         1       0       0       0       0
      Temps:          0       0       0       0       0
      Totals:         1       0       0       0       0
Total ram usage:        1 bytes
 Hardware stack levels used:    1
 Hardware stack levels required when called:    2
 This function calls:
		Nothing
 This function is called by:
		_SEND_PACKET
 This function uses a non-reentrant model


 *************** function _LF *****************
 Defined at:
		line 762 in file "../MC40SE Line Following UART.c"
 Parameters:    Size  Location     Type
		None
 Auto vars:     Size  Location     Type
  UARTRC          1   10[BANK0 ] unsigned char 
 Return value:  Size  Location     Type
		None               void
 Registers used:
		wreg, fsr0l, fsr0h, status,2, status,0, pclath, cstack
 Tracked objects:
		On entry : 
		On exit  : 
		Unchanged: 
 Data sizes:     COMMON   BANK0   BANK1   BANK3   BANK2
      Params:         0       0       0       0       0
      Locals:         0       1       0       0       0
      Temps:          0       1       0       0       0
      Totals:         0       2       0       0       0
Total ram usage:        2 bytes
 Hardware stack levels used:    1
 Hardware stack levels required when called:    7
 This function calls:
		_UART_DUMP
		_LSA08_GetSensor
		_brushless
		_lcd_clear_msg
 This function is called by:
		_line_follow_cross
 This function uses a non-reentrant model


 *************** function _lcd_clear_msg *****************
 Defined at:
		line 328 in file "../lcd.c"
 Parameters:    Size  Location     Type
  csz_string      1    wreg     PTR const unsigned char 
		 -> STR_14(9), STR_13(8), STR_12(8), STR_11(7), 
		 -> STR_10(9), STR_9(9), STR_8(8), STR_7(9), 
		 -> STR_6(5), STR_5(13), STR_4(14), STR_3(6), 
		 -> STR_2(14), STR_1(15), 
 Auto vars:     Size  Location     Type
  csz_string      1    8[BANK0 ] PTR const unsigned char 
		 -> STR_14(9), STR_13(8), STR_12(8), STR_11(7), 
		 -> STR_10(9), STR_9(9), STR_8(8), STR_7(9), 
		 -> STR_6(5), STR_5(13), STR_4(14), STR_3(6), 
		 -> STR_2(14), STR_1(15), 
 Return value:  Size  Location     Type
		None               void
 Registers used:
		wreg, fsr0l, fsr0h, status,2, status,0, pclath, cstack
 Tracked objects:
		On entry : 
		On exit  : 
		Unchanged: 
 Data sizes:     COMMON   BANK0   BANK1   BANK3   BANK2
      Params:         0       0       0       0       0
      Locals:         0       1       0       0       0
      Temps:          0       0       0       0       0
      Totals:         0       1       0       0       0
Total ram usage:        1 bytes
 Hardware stack levels used:    1
 Hardware stack levels required when called:    6
 This function calls:
		_lcd_clr
		_lcd_putstr
 This function is called by:
		_main
		_line_following
		_LF
 This function uses a non-reentrant model


 *************** function _lcd_clr *****************
 Defined at:
		line 157 in file "../lcd.c"
 Parameters:    Size  Location     Type
		None
 Auto vars:     Size  Location     Type
		None
 Return value:  Size  Location     Type
		None               void
 Registers used:
		wreg, status,2, status,0, pclath, cstack
 Tracked objects:
		On entry : 
		On exit  : 
		Unchanged: 
 Data sizes:     COMMON   BANK0   BANK1   BANK3   BANK2
      Params:         0       0       0       0       0
      Locals:         0       0       0       0       0
      Temps:          0       0       0       0       0
      Totals:         0       0       0       0       0
Total ram usage:        0 bytes
 Hardware stack levels used:    1
 Hardware stack levels required when called:    4
 This function calls:
		_send_lcd_data
 This function is called by:
		_lcd_init
		_lcd_clear_msg
 This function uses a non-reentrant model


 *************** function _lcd_putstr *****************
 Defined at:
		line 262 in file "../lcd.c"
 Parameters:    Size  Location     Type
  csz_string      1    wreg     PTR const unsigned char 
		 -> STR_14(9), STR_13(8), STR_12(8), STR_11(7), 
		 -> STR_10(9), STR_9(9), STR_8(8), STR_7(9), 
		 -> STR_6(5), STR_5(13), STR_4(14), STR_3(6), 
		 -> STR_2(14), STR_1(15), 
 Auto vars:     Size  Location     Type
  csz_string      1    7[BANK0 ] PTR const unsigned char 
		 -> STR_14(9), STR_13(8), STR_12(8), STR_11(7), 
		 -> STR_10(9), STR_9(9), STR_8(8), STR_7(9), 
		 -> STR_6(5), STR_5(13), STR_4(14), STR_3(6), 
		 -> STR_2(14), STR_1(15), 
 Return value:  Size  Location     Type
		None               void
 Registers used:
		wreg, fsr0l, fsr0h, status,2, status,0, pclath, cstack
 Tracked objects:
		On entry : 
		On exit  : 
		Unchanged: 
 Data sizes:     COMMON   BANK0   BANK1   BANK3   BANK2
      Params:         0       0       0       0       0
      Locals:         0       1       0       0       0
      Temps:          0       1       0       0       0
      Totals:         0       2       0       0       0
Total ram usage:        2 bytes
 Hardware stack levels used:    1
 Hardware stack levels required when called:    5
 This function calls:
		_lcd_2ndline
		_lcd_putchar
 This function is called by:
		_lcd_clear_msg
 This function uses a non-reentrant model


 *************** function _lcd_2ndline *****************
 Defined at:
		line 199 in file "../lcd.c"
 Parameters:    Size  Location     Type
		None
 Auto vars:     Size  Location     Type
		None
 Return value:  Size  Location     Type
		None               void
 Registers used:
		wreg, status,2, status,0, pclath, cstack
 Tracked objects:
		On entry : 
		On exit  : 
		Unchanged: 
 Data sizes:     COMMON   BANK0   BANK1   BANK3   BANK2
      Params:         0       0       0       0       0
      Locals:         0       0       0       0       0
      Temps:          0       1       0       0       0
      Totals:         0       1       0       0       0
Total ram usage:        1 bytes
 Hardware stack levels used:    1
 Hardware stack levels required when called:    4
 This function calls:
		_send_lcd_data
 This function is called by:
		_lcd_putstr
 This function uses a non-reentrant model


 *************** function _lcd_putchar *****************
 Defined at:
		line 241 in file "../lcd.c"
 Parameters:    Size  Location     Type
  c_data          1    wreg     unsigned char 
 Auto vars:     Size  Location     Type
  c_data          1    5[BANK0 ] unsigned char 
 Return value:  Size  Location     Type
		None               void
 Registers used:
		wreg, status,2, status,0, pclath, cstack
 Tracked objects:
		On entry : 
		On exit  : 
		Unchanged: 
 Data sizes:     COMMON   BANK0   BANK1   BANK3   BANK2
      Params:         0       0       0       0       0
      Locals:         0       1       0       0       0
      Temps:          0       1       0       0       0
      Totals:         0       2       0       0       0
Total ram usage:        2 bytes
 Hardware stack levels used:    1
 Hardware stack levels required when called:    4
 This function calls:
		_send_lcd_data
 This function is called by:
		_lcd_putstr
		_lcd_bcd
 This function uses a non-reentrant model


 *************** function _send_lcd_data *****************
 Defined at:
		line 348 in file "../lcd.c"
 Parameters:    Size  Location     Type
  b_rs            1    wreg     unsigned char 
  uc_data         1    5[COMMON] unsigned char 
 Auto vars:     Size  Location     Type
  b_rs            1    3[BANK0 ] unsigned char 
  uc_pre_portd    1    2[BANK0 ] unsigned char 
 Return value:  Size  Location     Type
		None               void
 Registers used:
		wreg, status,2, status,0, pclath, cstack
 Tracked objects:
		On entry : 
		On exit  : 
		Unchanged: 
 Data sizes:     COMMON   BANK0   BANK1   BANK3   BANK2
      Params:         1       0       0       0       0
      Locals:         0       2       0       0       0
      Temps:          0       2       0       0       0
      Totals:         1       4       0       0       0
Total ram usage:        5 bytes
 Hardware stack levels used:    1
 Hardware stack levels required when called:    3
 This function calls:
		_set_lcd_rs
		_set_lcd_data
		_set_lcd_e
 This function is called by:
		_lcd_init
		_lcd_clr
		_lcd_2ndline
		_lcd_putchar
		_lcd_home
		_lcd_goto
 This function uses a non-reentrant model


 *************** function _set_lcd_e *****************
 Defined at:
		line 405 in file "../lcd.c"
 Parameters:    Size  Location     Type
  b_output        1    wreg     unsigned char 
 Auto vars:     Size  Location     Type
  b_output        1    4[COMMON] unsigned char 
 Return value:  Size  Location     Type
		None               void
 Registers used:
		wreg
 Tracked objects:
		On entry : 
		On exit  : 
		Unchanged: 
 Data sizes:     COMMON   BANK0   BANK1   BANK3   BANK2
      Params:         0       0       0       0       0
      Locals:         1       0       0       0       0
      Temps:          0       0       0       0       0
      Totals:         1       0       0       0       0
Total ram usage:        1 bytes
 Hardware stack levels used:    1
 Hardware stack levels required when called:    2
 This function calls:
		Nothing
 This function is called by:
		_lcd_init
		_send_lcd_data
 This function uses a non-reentrant model


 *************** function _set_lcd_rs *****************
 Defined at:
		line 425 in file "../lcd.c"
 Parameters:    Size  Location     Type
  b_output        1    wreg     unsigned char 
 Auto vars:     Size  Location     Type
  b_output        1    4[COMMON] unsigned char 
 Return value:  Size  Location     Type
		None               void
 Registers used:
		wreg
 Tracked objects:
		On entry : 
		On exit  : 
		Unchanged: 
 Data sizes:     COMMON   BANK0   BANK1   BANK3   BANK2
      Params:         0       0       0       0       0
      Locals:         1       0       0       0       0
      Temps:          0       0       0       0       0
      Totals:         1       0       0       0       0
Total ram usage:        1 bytes
 Hardware stack levels used:    1
 Hardware stack levels required when called:    2
 This function calls:
		Nothing
 This function is called by:
		_send_lcd_data
 This function uses a non-reentrant model


 *************** function _set_lcd_data *****************
 Defined at:
		line 445 in file "../lcd.c"
 Parameters:    Size  Location     Type
  uc_data         1    wreg     unsigned char 
 Auto vars:     Size  Location     Type
  uc_data         1    4[COMMON] unsigned char 
 Return value:  Size  Location     Type
		None               void
 Registers used:
		wreg, status,2, status,0
 Tracked objects:
		On entry : 
		On exit  : 
		Unchanged: 
 Data sizes:     COMMON   BANK0   BANK1   BANK3   BANK2
      Params:         0       0       0       0       0
      Locals:         1       0       0       0       0
      Temps:          0       0       0       0       0
      Totals:         1       0       0       0       0
Total ram usage:        1 bytes
 Hardware stack levels used:    1
 Hardware stack levels required when called:    2
 This function calls:
		Nothing
 This function is called by:
		_send_lcd_data
 This function uses a non-reentrant model


 *************** function _LSA08_GetSensor *****************
 Defined at:
		line 271 in file "../LSA08.h"
 Parameters:    Size  Location     Type
		None
 Auto vars:     Size  Location     Type
  sensorbin       1    7[BANK0 ] unsigned char 
 Return value:  Size  Location     Type
                  1    wreg      unsigned char 
 Registers used:
		wreg, status,2, status,0, pclath, cstack
 Tracked objects:
		On entry : 
		On exit  : 
		Unchanged: 
 Data sizes:     COMMON   BANK0   BANK1   BANK3   BANK2
      Params:         0       0       0       0       0
      Locals:         0       1       0       0       0
      Temps:          0       1       0       0       0
      Totals:         0       2       0       0       0
Total ram usage:        2 bytes
 Hardware stack levels used:    1
 Hardware stack levels required when called:    4
 This function calls:
		_UART_REC
		_UART_DUMP
 This function is called by:
		_line_following
		_LF
 This function uses a non-reentrant model


 *************** function _UART_DUMP *****************
 Defined at:
		line 883 in file "../MC40SE Line Following UART.c"
 Parameters:    Size  Location     Type
		None
 Auto vars:     Size  Location     Type
  dump            1    5[BANK0 ] unsigned char 
 Return value:  Size  Location     Type
		None               void
 Registers used:
		wreg, pclath, cstack
 Tracked objects:
		On entry : 
		On exit  : 
		Unchanged: 
 Data sizes:     COMMON   BANK0   BANK1   BANK3   BANK2
      Params:         0       0       0       0       0
      Locals:         0       1       0       0       0
      Temps:          1       0       0       0       0
      Totals:         1       1       0       0       0
Total ram usage:        2 bytes
 Hardware stack levels used:    1
 Hardware stack levels required when called:    3
 This function calls:
		_UART_REC
 This function is called by:
		_LSA08_GetSensor
		_LF
 This function uses a non-reentrant model


 *************** function _UART_REC *****************
 Defined at:
		line 850 in file "../MC40SE Line Following UART.c"
 Parameters:    Size  Location     Type
		None
 Auto vars:     Size  Location     Type
  waitcount       4    0[BANK0 ] unsigned long 
  rec_data        1    4[BANK0 ] unsigned char 
 Return value:  Size  Location     Type
                  1    wreg      unsigned char 
 Registers used:
		wreg
 Tracked objects:
		On entry : 
		On exit  : 
		Unchanged: 
 Data sizes:     COMMON   BANK0   BANK1   BANK3   BANK2
      Params:         0       0       0       0       0
      Locals:         0       5       0       0       0
      Temps:          1       0       0       0       0
      Totals:         1       5       0       0       0
Total ram usage:        6 bytes
 Hardware stack levels used:    1
 Hardware stack levels required when called:    2
 This function calls:
		Nothing
 This function is called by:
		_UART_RESPONSE
		_LSA08_GetSensor
		_UART_DUMP
 This function uses a non-reentrant model


 *************** function _brushless *****************
 Defined at:
		line 310 in file "../MC40SE Line Following UART.c"
 Parameters:    Size  Location     Type
  uc_port_numb    1    wreg     unsigned char 
  uc_motor_sta    1    2[BANK0 ] unsigned char 
  uc_motor_dir    1    3[BANK0 ] unsigned char 
  ui_speed        2    4[BANK0 ] unsigned int 
 Auto vars:     Size  Location     Type
  uc_port_numb    1    8[BANK0 ] unsigned char 
 Return value:  Size  Location     Type
		None               void
 Registers used:
		wreg, status,2, status,0, pclath, cstack
 Tracked objects:
		On entry : 
		On exit  : 
		Unchanged: 
 Data sizes:     COMMON   BANK0   BANK1   BANK3   BANK2
      Params:         0       4       0       0       0
      Locals:         0       1       0       0       0
      Temps:          0       2       0       0       0
      Totals:         0       7       0       0       0
Total ram usage:        7 bytes
 Hardware stack levels used:    1
 Hardware stack levels required when called:    3
 This function calls:
		_set_pwm1
		_set_pwm2
 This function is called by:
		_main
		_line_following
		_line_follow_cross
		_LF
 This function uses a non-reentrant model


 *************** function _set_pwm1 *****************
 Defined at:
		line 96 in file "../pwm.c"
 Parameters:    Size  Location     Type
  ui_duty_cycl    2    4[COMMON] unsigned int 
 Auto vars:     Size  Location     Type
		None
 Return value:  Size  Location     Type
		None               void
 Registers used:
		wreg, status,2, status,0
 Tracked objects:
		On entry : 
		On exit  : 
		Unchanged: 
 Data sizes:     COMMON   BANK0   BANK1   BANK3   BANK2
      Params:         2       0       0       0       0
      Locals:         0       0       0       0       0
      Temps:          0       2       0       0       0
      Totals:         2       2       0       0       0
Total ram usage:        4 bytes
 Hardware stack levels used:    1
 Hardware stack levels required when called:    2
 This function calls:
		Nothing
 This function is called by:
		_brushless
		_brush
		_motorspeed
 This function uses a non-reentrant model


 *************** function _set_pwm2 *****************
 Defined at:
		line 115 in file "../pwm.c"
 Parameters:    Size  Location     Type
  ui_duty_cycl    2    4[COMMON] unsigned int 
 Auto vars:     Size  Location     Type
		None
 Return value:  Size  Location     Type
		None               void
 Registers used:
		wreg, status,2, status,0
 Tracked objects:
		On entry : 
		On exit  : 
		Unchanged: 
 Data sizes:     COMMON   BANK0   BANK1   BANK3   BANK2
      Params:         2       0       0       0       0
      Locals:         0       0       0       0       0
      Temps:          0       2       0       0       0
      Totals:         2       2       0       0       0
Total ram usage:        4 bytes
 Hardware stack levels used:    1
 Hardware stack levels required when called:    2
 This function calls:
		Nothing
 This function is called by:
		_brushless
		_brush
		_motorspeed
 This function uses a non-reentrant model


 *************** function _run *****************
 Defined at:
		line 750 in file "../MC40SE Line Following UART.c"
 Parameters:    Size  Location     Type
		None
 Auto vars:     Size  Location     Type
		None
 Return value:  Size  Location     Type
		None               void
 Registers used:
		None
 Tracked objects:
		On entry : 
		On exit  : 
		Unchanged: 
 Data sizes:     COMMON   BANK0   BANK1   BANK3   BANK2
      Params:         0       0       0       0       0
      Locals:         0       0       0       0       0
      Temps:          0       0       0       0       0
      Totals:         0       0       0       0       0
Total ram usage:        0 bytes
 Hardware stack levels used:    1
 Hardware stack levels required when called:    2
 This function calls:
		Nothing
 This function is called by:
		_forward
		_reverse
		_left
		_right
 This function uses a non-reentrant model


 *************** function _isr *****************
 Defined at:
		line 22 in file "../isr.c"
 Parameters:    Size  Location     Type
		None
 Auto vars:     Size  Location     Type
		None
 Return value:  Size  Location     Type
		None               void
 Registers used:
		status,2, status,0, pclath, cstack
 Tracked objects:
		On entry : 
		On exit  : 
		Unchanged: 
 Data sizes:     COMMON   BANK0   BANK1   BANK3   BANK2
      Params:         0       0       0       0       0
      Locals:         0       0       0       0       0
      Temps:          4       0       0       0       0
      Totals:         4       0       0       0       0
Total ram usage:        4 bytes
 Hardware stack levels used:    1
 Hardware stack levels required when called:    1
 This function calls:
		_timer1_isr
 This function is called by:
		Interrupt level 1
 This function uses a non-reentrant model


 *************** function _timer1_isr *****************
 Defined at:
		line 111 in file "../timer1.c"
 Parameters:    Size  Location     Type
		None
 Auto vars:     Size  Location     Type
		None
 Return value:  Size  Location     Type
		None               void
 Registers used:
		None
 Tracked objects:
		On entry : 
		On exit  : 
		Unchanged: 
 Data sizes:     COMMON   BANK0   BANK1   BANK3   BANK2
      Params:         0       0       0       0       0
      Locals:         0       0       0       0       0
      Temps:          0       0       0       0       0
      Totals:         0       0       0       0       0
Total ram usage:        0 bytes
 Hardware stack levels used:    1
 This function calls:
		Nothing
 This function is called by:
		_isr
 This function uses a non-reentrant model



MODULE INFORMATION

Module		Function		Class		Link	Load	Size
../adc.c
		_adc_init      		CODE           	076D	0000	29

../adc.c estimated size: 29

../MC40SE Line Following UART.c
		_brushless     		CODE           	031B	0000	155
		_line_follow_cr		CODE           	03B6	0000	119
		_UART_REC      		CODE           	0582	0000	94
		_UART_INIT     		CODE           	07C0	0000	24
		_beep          		CODE           	068B	0000	39
		_main          		CODE           	04A3	0000	114
		_UART_DUMP     		CODE           	0FD7	0000	20
		_forward       		CODE           	0F7E	0000	14
		_LF            		CODE           	0015	0000	414
		_relay_off_all 		CODE           	0F8C	0000	18
		_UART_SEND     		CODE           	0F70	0000	14
		_run           		CODE           	0F1F	0000	5
		_mc40se_init   		CODE           	06B2	0000	34
		_delay_ms      		CODE           	0731	0000	30
		_line_following		CODE           	01B3	0000	186

../MC40SE Line Following UART.c estimated size: 1280

shared
		__stringtab    		STRING         	042D	0000	6
		__stringdata   		STRING         	0433	0000	112
		__initializatio		CODE           	078A	0000	24

shared estimated size: 142

../LSA08.h
		_LSA08_GetJunct		CODE           	0F9E	0000	19
		_LSA08_Init    		CODE           	0FEB	0000	21
		_UART_RESPONSE 		CODE           	0627	0000	53
		_SEND_PACKET   		CODE           	065C	0000	47
		_LSA08_GetSenso		CODE           	074F	0000	30
		_LSA08_ClearJun		CODE           	0FB1	0000	19
		_LSA08_UARTMode		CODE           	06D4	0000	31

../LSA08.h estimated size: 220

../timer1.c
		_timer1_isr    		CODE           	0F1A	0000	5
		_timer1_init   		CODE           	0FC4	0000	19

../timer1.c estimated size: 24

../lcd.c
		_set_lcd_e     		CODE           	0F49	0000	12
		_set_lcd_rs    		CODE           	0F3D	0000	12
		_lcd_2ndline   		CODE           	0F55	0000	13
		_set_lcd_data  		CODE           	0F24	0000	8
		_lcd_putstr    		CODE           	05E0	0000	71
		_lcd_putchar   		CODE           	0F62	0000	14
		_lcd_clr       		CODE           	0F34	0000	9
		_send_lcd_data 		CODE           	026D	0000	174
		_lcd_clear_msg 		CODE           	07EF	0000	17
		_lcd_init      		CODE           	0515	0000	109

../lcd.c estimated size: 439

../pwm.c
		_set_pwm1      		CODE           	06F3	0000	31
		_set_pwm2      		CODE           	0712	0000	31
		_pwm_init      		CODE           	07A6	0000	26

../pwm.c estimated size: 88

../isr.c
		_isr           		CODE           	07D8	0000	23

../isr.c estimated size: 23

